// 重构日志: e307edb1
// 重构日志: ba355e0f
// 重构日志: cba3b827
// 重构日志: 8a519c41
// 重构日志: 0cf503fc
// 同步 ID: 999ccc69 @ Tue Jul 14 10:02:12 UTC 2026
// 重构日志: 3251dd98
// 重构日志: 4dfdedd0
// 同步 ID: 1f2c7647 @ Wed Jul 15 16:42:43 UTC 2026
// 同步 ID: 4da9470e @ Thu Jul 16 00:57:27 UTC 2026
// 重构日志: 13a98e1b
// 重构日志: e00b5b83
// 重构日志: f7eda9dc
// 重构日志: 2a14e91e
// 重构日志: 6ef50224
// 同步 ID: add6f347 @ Sat Jul 18 00:11:46 UTC 2026
// 同步 ID: 53d3044f @ Sat Jul 18 14:01:14 UTC 2026
// 重构日志: 47904c82
// 同步 ID: a3b21c6f @ Mon Jul 20 04:58:32 UTC 2026
// 重构日志: b9fc42a8
// 重构日志: df7c4845
// 同步 ID: 1f44f1e1 @ Wed Jul 22 12:39:20 UTC 2026
// 同步 ID: 43982e6f @ Wed Jul 22 15:22:10 UTC 2026
// 重构日志: e140004e
// 重构日志: 121581b2
// 重构日志: 95892751
// 重构日志: 8768979d
// 重构日志: 41ebe3fc
// 重构日志: c79580e3
// 同步 ID: f49e75f9 @ Sun Jul 26 00:42:53 UTC 2026
// 重构日志: 3d8738ce
